html

firstName

123

link

456
lastName

userID


userID
value of global var1